ERC report (2026-10-02T12:49:38-0500, Encoding UTF8)

***** Sheet /
[lib_symbol_issues]: The current configuration does not include the symbol library 'power'
    ; warning
    @(139.70 mm, 63.50 mm): Symbol #PWR001 [GND]
[lib_symbol_issues]: The current configuration does not include the symbol library 'Device'
    ; warning
    @(135.89 mm, 73.66 mm): Symbol R3 [R]
[lib_symbol_issues]: The current configuration does not include the symbol library 'power'
    ; warning
    @(139.70 mm, 83.82 mm): Symbol #PWR002 [GND]
[lib_symbol_issues]: The current configuration does not include the symbol library 'power'
    ; warning
    @(152.40 mm, 58.42 mm): Symbol #PWR004 [GND]
[lib_symbol_issues]: The current configuration does not include the symbol library 'Connector_Generic'
    ; warning
    @(144.78 mm, 76.20 mm): Symbol J1 [Conn_02x20_Odd_Even]
[lib_symbol_issues]: The current configuration does not include the symbol library 'Device'
    ; warning
    @(156.21 mm, 55.88 mm): Symbol F1 [Polyfuse]
[lib_symbol_issues]: The current configuration does not include the symbol library 'Connector'
    ; warning
    @(115.57 mm, 119.38 mm): Symbol TP1 [TestPoint]
[lib_symbol_issues]: The current configuration does not include the symbol library 'power'
    ; warning
    @(152.40 mm, 68.58 mm): Symbol #PWR005 [GND]
[lib_symbol_issues]: The current configuration does not include the symbol library 'Device'
    ; warning
    @(156.21 mm, 66.04 mm): Symbol R1 [R]
[lib_symbol_issues]: The current configuration does not include the symbol library 'power'
    ; warning
    @(152.40 mm, 76.20 mm): Symbol #PWR006 [GND]
[lib_symbol_issues]: The current configuration does not include the symbol library 'power'
    ; warning
    @(139.70 mm, 101.60 mm): Symbol #PWR003 [GND]
[lib_symbol_issues]: The current configuration does not include the symbol library 'Device'
    ; warning
    @(163.83 mm, 55.88 mm): Symbol C2 [C]
[lib_symbol_issues]: The current configuration does not include the symbol library 'Connector'
    ; warning
    @(130.81 mm, 116.84 mm): Symbol TP3 [TestPoint]
[lib_symbol_issues]: The current configuration does not include the symbol library 'Connector'
    ; warning
    @(123.19 mm, 125.73 mm): Symbol TP2 [TestPoint]
[lib_symbol_issues]: The current configuration does not include the symbol library 'power'
    ; warning
    @(123.19 mm, 125.73 mm): Symbol #PWR015 [GND]
[lib_symbol_issues]: The current configuration does not include the symbol library 'power'
    ; warning
    @(152.40 mm, 88.90 mm): Symbol #PWR007 [GND]
[lib_symbol_issues]: The current configuration does not include the symbol library 'power'
    ; warning
    @(167.64 mm, 55.88 mm): Symbol #PWR014 [GND]
[lib_symbol_issues]: The current configuration does not include the symbol library 'power'
    ; warning
    @(152.40 mm, 93.98 mm): Symbol #PWR008 [GND]
[lib_symbol_issues]: The current configuration does not include the symbol library 'Connector'
    ; warning
    @(137.16 mm, 119.38 mm): Symbol TP4 [TestPoint]
[lib_symbol_issues]: The current configuration does not include the symbol library 'power'
    ; warning
    @(167.64 mm, 81.28 mm): Symbol #PWR011 [GND]
[lib_symbol_issues]: The current configuration does not include the symbol library 'Device'
    ; warning
    @(171.45 mm, 81.28 mm): Symbol R2 [R]
[lib_symbol_issues]: The current configuration does not include the symbol library 'power'
    ; warning
    @(144.78 mm, 125.73 mm): Symbol #FLG2 [PWR_FLAG]
[lib_symbol_issues]: The current configuration does not include the symbol library 'power'
    ; warning
    @(152.40 mm, 123.19 mm): Symbol #FLG1 [PWR_FLAG]
[lib_symbol_issues]: The current configuration does not include the symbol library 'Transistor_FET'
    ; warning
    @(180.34 mm, 81.28 mm): Symbol Q1 [Q_NMOS_GSD]
[lib_symbol_issues]: The current configuration does not include the symbol library 'power'
    ; warning
    @(158.75 mm, 121.92 mm): Symbol #PWR016 [GND]
[lib_symbol_issues]: The current configuration does not include the symbol library 'power'
    ; warning
    @(158.75 mm, 121.92 mm): Symbol #FLG3 [PWR_FLAG]
[lib_symbol_issues]: The current configuration does not include the symbol library 'power'
    ; warning
    @(182.88 mm, 86.36 mm): Symbol #PWR010 [GND]
[lib_symbol_issues]: The current configuration does not include the symbol library 'power'
    ; warning
    @(151.13 mm, 151.13 mm): Symbol #PWR012 [GND]
[lib_symbol_issues]: The current configuration does not include the symbol library 'Device'
    ; warning
    @(154.94 mm, 151.13 mm): Symbol D1 [D_TVS]
[lib_symbol_issues]: The current configuration does not include the symbol library 'power'
    ; warning
    @(158.75 mm, 148.59 mm): Symbol #PWR009 [GND]
[lib_symbol_issues]: The current configuration does not include the symbol library 'Device'
    ; warning
    @(154.94 mm, 153.67 mm): Symbol R4 [R]
[lib_symbol_issues]: The current configuration does not include the symbol library 'Device'
    ; warning
    @(162.56 mm, 151.13 mm): Symbol C1 [C_Polarized]
[lib_symbol_issues]: The current configuration does not include the symbol library 'Connector_Generic'
    ; warning
    @(163.83 mm, 151.13 mm): Symbol J2 [Conn_01x04]
[lib_symbol_issues]: The current configuration does not include the symbol library 'power'
    ; warning
    @(166.37 mm, 151.13 mm): Symbol #PWR013 [GND]

 ** ERC messages: 34  Errors 0  Warnings 34
