ERC report (2026-10-02T14:31:35-0500, Encoding UTF8)

***** Sheet /
[lib_symbol_issues]: The current configuration does not include the symbol library 'Connector'
    ; warning
    @(97.79 mm, 62.23 mm): Symbol TP6 [TestPoint]
[lib_symbol_issues]: The current configuration does not include the symbol library 'power'
    ; warning
    @(110.49 mm, 62.23 mm): Symbol #PWR013 [GND]
[lib_symbol_issues]: The current configuration does not include the symbol library 'power'
    ; warning
    @(118.11 mm, 54.61 mm): Symbol #PWR014 [GND]
[lib_symbol_issues]: The current configuration does not include the symbol library 'Transistor_FET'
    ; warning
    @(115.57 mm, 62.23 mm): Symbol Q1 [Q_NMOS_SGD]
[lib_symbol_issues]: The current configuration does not include the symbol library 'Connector_Generic'
    ; warning
    @(123.19 mm, 57.15 mm): Symbol J2 [Conn_01x02]
[lib_symbol_issues]: The current configuration does not include the symbol library 'power'
    ; warning
    @(81.28 mm, 110.49 mm): Symbol #PWR009 [GND]
[lib_symbol_issues]: The current configuration does not include the symbol library 'Device'
    ; warning
    @(118.11 mm, 71.12 mm): Symbol R7 [R]
[lib_symbol_issues]: The current configuration does not include the symbol library 'power'
    ; warning
    @(118.11 mm, 74.93 mm): Symbol #PWR019 [GND]
[lib_symbol_issues]: The current configuration does not include the symbol library 'power'
    ; warning
    @(81.28 mm, 115.57 mm): Symbol #PWR010 [GND]
[lib_symbol_issues]: The current configuration does not include the symbol library 'Sensor_Humidity'
    ; warning
    @(91.44 mm, 113.03 mm): Symbol U1 [SHT31-DIS]
[pin_to_pin]: Pins of type Bidirectional and Power output are connected
    ; warning
    @(101.60 mm, 110.49 mm): Symbol U1 Pin 1 [SDA, Bidirectional, Line]
    @(160.02 mm, 17.78 mm): Symbol #FLG2 Pin 1 [Power output, Line]
[lib_symbol_issues]: The current configuration does not include the symbol library 'power'
    ; warning
    @(91.44 mm, 120.65 mm): Symbol #PWR011 [GND]
[lib_symbol_issues]: The current configuration does not include the symbol library 'Connector'
    ; warning
    @(153.67 mm, 17.78 mm): Symbol TP5 [TestPoint]
[lib_symbol_issues]: The current configuration does not include the symbol library 'power'
    ; warning
    @(153.67 mm, 17.78 mm): Symbol #PWR022 [GND]
[lib_symbol_issues]: The current configuration does not include the symbol library 'power'
    ; warning
    @(160.02 mm, 17.78 mm): Symbol #PWR023 [GND]
[lib_symbol_issues]: The current configuration does not include the symbol library 'power'
    ; warning
    @(160.02 mm, 17.78 mm): Symbol #FLG2 [PWR_FLAG]
[lib_symbol_issues]: The current configuration does not include the symbol library 'power'
    ; warning
    @(69.85 mm, 158.75 mm): Symbol #PWR001 [GND]
[multiple_net_names]: Both EEPROM_WP and GND are attached to the same items; EEPROM_WP will be used in the netlist
    ; warning
    @(180.34 mm, 115.57 mm): Global Label 'EEPROM_WP'
    @(69.85 mm, 158.75 mm): Symbol #PWR001 Pin 1 [Power input, Line]
[lib_symbol_issues]: The current configuration does not include the symbol library 'power'
    ; warning
    @(82.55 mm, 153.67 mm): Symbol #PWR004 [GND]
[lib_symbol_issues]: The current configuration does not include the symbol library 'Device'
    ; warning
    @(66.04 mm, 166.37 mm): Symbol R6 [R]
[lib_symbol_issues]: The current configuration does not include the symbol library 'Device'
    ; warning
    @(86.36 mm, 161.29 mm): Symbol R3 [R]
[lib_symbol_issues]: The current configuration does not include the symbol library 'power'
    ; warning
    @(82.55 mm, 163.83 mm): Symbol #PWR005 [GND]
[lib_symbol_issues]: The current configuration does not include the symbol library 'Connector_Generic'
    ; warning
    @(74.93 mm, 171.45 mm): Symbol J1 [Conn_02x20_Odd_Even]
[lib_symbol_issues]: The current configuration does not include the symbol library 'Device'
    ; warning
    @(86.36 mm, 166.37 mm): Symbol R4 [R]
[lib_symbol_issues]: The current configuration does not include the symbol library 'power'
    ; warning
    @(151.13 mm, 113.03 mm): Symbol #FLG1 [PWR_FLAG]
[lib_symbol_issues]: The current configuration does not include the symbol library 'Device'
    ; warning
    @(86.36 mm, 168.91 mm): Symbol R5 [R]
[lib_symbol_issues]: The current configuration does not include the symbol library 'power'
    ; warning
    @(82.55 mm, 171.45 mm): Symbol #PWR006 [GND]
[lib_symbol_issues]: The current configuration does not include the symbol library 'power'
    ; warning
    @(69.85 mm, 179.07 mm): Symbol #PWR002 [GND]
[lib_symbol_issues]: The current configuration does not include the symbol library 'power'
    ; warning
    @(160.02 mm, 110.49 mm): Symbol #PWR015 [GND]
[lib_symbol_issues]: The current configuration does not include the symbol library 'power'
    ; warning
    @(160.02 mm, 113.03 mm): Symbol #PWR016 [GND]
[lib_symbol_issues]: The current configuration does not include the symbol library 'Connector'
    ; warning
    @(186.69 mm, 62.23 mm): Symbol TP3 [TestPoint]
[lib_symbol_issues]: The current configuration does not include the symbol library 'power'
    ; warning
    @(160.02 mm, 115.57 mm): Symbol #PWR017 [GND]
[lib_symbol_issues]: The current configuration does not include the symbol library 'power'
    ; warning
    @(162.56 mm, 119.38 mm): Symbol #PWR020 [GND]
[lib_symbol_issues]: The current configuration does not include the symbol library 'power'
    ; warning
    @(82.55 mm, 184.15 mm): Symbol #PWR007 [GND]
[lib_symbol_issues]: The current configuration does not include the symbol library 'Memory_EEPROM'
    ; warning
    @(170.18 mm, 113.03 mm): Symbol U2 [24LC32]
[lib_symbol_issues]: The current configuration does not include the symbol library 'Device'
    ; warning
    @(166.37 mm, 119.38 mm): Symbol C2 [C]
[lib_symbol_issues]: The current configuration does not include the symbol library 'Device'
    ; warning
    @(166.37 mm, 119.38 mm): Symbol R1 [R]
[lib_symbol_issues]: The current configuration does not include the symbol library 'Device'
    ; warning
    @(166.37 mm, 119.38 mm): Symbol R2 [R]
[lib_symbol_issues]: The current configuration does not include the symbol library 'Device'
    ; warning
    @(166.37 mm, 119.38 mm): Symbol R9 [R]
[lib_symbol_issues]: The current configuration does not include the symbol library 'power'
    ; warning
    @(82.55 mm, 189.23 mm): Symbol #PWR008 [GND]
[lib_symbol_issues]: The current configuration does not include the symbol library 'power'
    ; warning
    @(189.23 mm, 86.36 mm): Symbol #PWR012 [GND]
[lib_symbol_issues]: The current configuration does not include the symbol library 'power'
    ; warning
    @(170.18 mm, 120.65 mm): Symbol #PWR018 [GND]
[lib_symbol_issues]: The current configuration does not include the symbol library 'power'
    ; warning
    @(69.85 mm, 196.85 mm): Symbol #PWR003 [GND]
[lib_symbol_issues]: The current configuration does not include the symbol library 'Device'
    ; warning
    @(173.99 mm, 119.38 mm): Symbol C3 [C]
[lib_symbol_issues]: The current configuration does not include the symbol library 'Device'
    ; warning
    @(173.99 mm, 119.38 mm): Symbol R10 [R]
[lib_symbol_issues]: The current configuration does not include the symbol library 'Device'
    ; warning
    @(173.99 mm, 119.38 mm): Symbol C1 [C]
[lib_symbol_issues]: The current configuration does not include the symbol library 'Device'
    ; warning
    @(173.99 mm, 119.38 mm): Symbol R8 [R]
[lib_symbol_issues]: The current configuration does not include the symbol library 'Connector'
    ; warning
    @(123.19 mm, 171.45 mm): Symbol TP4 [TestPoint]
[pin_to_pin]: Pins of type Bidirectional and Power output are connected
    ; warning
    @(180.34 mm, 110.49 mm): Symbol U2 Pin 5 [SDA, Bidirectional, Line]
    @(160.02 mm, 17.78 mm): Symbol #FLG2 Pin 1 [Power output, Line]
[lib_symbol_issues]: The current configuration does not include the symbol library 'Device'
    ; warning
    @(194.31 mm, 86.36 mm): Symbol D1 [LED_KRBG]
[lib_symbol_issues]: The current configuration does not include the symbol library 'power'
    ; warning
    @(177.80 mm, 119.38 mm): Symbol #PWR021 [GND]
[lib_symbol_issues]: The current configuration does not include the symbol library 'Connector'
    ; warning
    @(190.50 mm, 171.45 mm): Symbol TP1 [TestPoint]
[lib_symbol_issues]: The current configuration does not include the symbol library 'Connector'
    ; warning
    @(233.68 mm, 171.45 mm): Symbol TP2 [TestPoint]

 ** ERC messages: 53  Errors 0  Warnings 53
